[    1245ms] [INFO] %cDownload the React DevTools for a better development experience: https://react.dev/link/react-devtools font-weight:bold @ http://localhost:3000/_next/static/chunks/node_modules_next_dist_05y3oi5z9mc_3._.js:719
[    1324ms] [LOG] [HMR] connected @ http://localhost:3000/_next/static/chunks/node_modules_next_dist_05y3oi5z9mc_3._.js:719
[  142704ms] [ERROR] WebSocket connection to 'ws://localhost:3000/_next/hmr?id=CP-CpGy1bS7Kz3Z1FEt-p' failed: Error in connection establishment: net::ERR_CONNECTION_REFUSED @ http://localhost:3000/_next/static/chunks/node_modules_next_dist_client_1wygxxh5rwq0t._.js:16225
[  143707ms] [ERROR] WebSocket connection to 'ws://localhost:3000/_next/hmr?id=CP-CpGy1bS7Kz3Z1FEt-p' failed: Error in connection establishment: net::ERR_CONNECTION_REFUSED @ http://localhost:3000/_next/static/chunks/node_modules_next_dist_client_1wygxxh5rwq0t._.js:16225
[  144711ms] [ERROR] WebSocket connection to 'ws://localhost:3000/_next/hmr?id=CP-CpGy1bS7Kz3Z1FEt-p' failed: Error in connection establishment: net::ERR_CONNECTION_REFUSED @ http://localhost:3000/_next/static/chunks/node_modules_next_dist_client_1wygxxh5rwq0t._.js:16225
[  145714ms] [ERROR] WebSocket connection to 'ws://localhost:3000/_next/hmr?id=CP-CpGy1bS7Kz3Z1FEt-p' failed: Error in connection establishment: net::ERR_CONNECTION_REFUSED @ http://localhost:3000/_next/static/chunks/node_modules_next_dist_client_1wygxxh5rwq0t._.js:16225
[  146718ms] [ERROR] WebSocket connection to 'ws://localhost:3000/_next/hmr?id=CP-CpGy1bS7Kz3Z1FEt-p' failed: Error in connection establishment: net::ERR_CONNECTION_REFUSED @ http://localhost:3000/_next/static/chunks/node_modules_next_dist_client_1wygxxh5rwq0t._.js:16225
[  151726ms] [ERROR] WebSocket connection to 'ws://localhost:3000/_next/hmr?id=CP-CpGy1bS7Kz3Z1FEt-p' failed: Error in connection establishment: net::ERR_CONNECTION_REFUSED @ http://localhost:3000/_next/static/chunks/node_modules_next_dist_client_1wygxxh5rwq0t._.js:16225
[  156748ms] [LOG] [HMR] connected @ http://localhost:3000/_next/static/chunks/node_modules_next_dist_05y3oi5z9mc_3._.js:719
[  159998ms] [INFO] %cDownload the React DevTools for a better development experience: https://react.dev/link/react-devtools font-weight:bold @ http://localhost:3000/_next/static/chunks/node_modules_next_dist_05y3oi5z9mc_3._.js:719
[  160064ms] [LOG] [HMR] connected @ http://localhost:3000/_next/static/chunks/node_modules_next_dist_05y3oi5z9mc_3._.js:719
[  173490ms] [LOG] [Fast Refresh] rebuilding @ http://localhost:3000/_next/static/chunks/node_modules_next_dist_05y3oi5z9mc_3._.js:719
[  173560ms] [LOG] [Fast Refresh] done in 103ms @ http://localhost:3000/_next/static/chunks/node_modules_next_dist_05y3oi5z9mc_3._.js:719
[  173582ms] [LOG] [Fast Refresh] done in 103ms @ http://localhost:3000/_next/static/chunks/node_modules_next_dist_05y3oi5z9mc_3._.js:719
[  173657ms] [LOG] [Fast Refresh] done in 103ms @ http://localhost:3000/_next/static/chunks/node_modules_next_dist_05y3oi5z9mc_3._.js:719
[  173734ms] [LOG] [Fast Refresh] done in 103ms @ http://localhost:3000/_next/static/chunks/node_modules_next_dist_05y3oi5z9mc_3._.js:719
[  173815ms] [LOG] [Fast Refresh] done in 103ms @ http://localhost:3000/_next/static/chunks/node_modules_next_dist_05y3oi5z9mc_3._.js:719
[  173876ms] [LOG] [Fast Refresh] done in 103ms @ http://localhost:3000/_next/static/chunks/node_modules_next_dist_05y3oi5z9mc_3._.js:719
[  173946ms] [LOG] [Fast Refresh] done in 103ms @ http://localhost:3000/_next/static/chunks/node_modules_next_dist_05y3oi5z9mc_3._.js:719
[  174015ms] [LOG] [Fast Refresh] done in 103ms @ http://localhost:3000/_next/static/chunks/node_modules_next_dist_05y3oi5z9mc_3._.js:719
[  174081ms] [LOG] [Fast Refresh] done in 103ms @ http://localhost:3000/_next/static/chunks/node_modules_next_dist_05y3oi5z9mc_3._.js:719
[  174149ms] [LOG] [Fast Refresh] done in 103ms @ http://localhost:3000/_next/static/chunks/node_modules_next_dist_05y3oi5z9mc_3._.js:719
[  174219ms] [LOG] [Fast Refresh] done in 103ms @ http://localhost:3000/_next/static/chunks/node_modules_next_dist_05y3oi5z9mc_3._.js:719
[  174289ms] [LOG] [Fast Refresh] done in 103ms @ http://localhost:3000/_next/static/chunks/node_modules_next_dist_05y3oi5z9mc_3._.js:719
[  174362ms] [LOG] [Fast Refresh] done in 103ms @ http://localhost:3000/_next/static/chunks/node_modules_next_dist_05y3oi5z9mc_3._.js:719
[  174435ms] [LOG] [Fast Refresh] done in 103ms @ http://localhost:3000/_next/static/chunks/node_modules_next_dist_05y3oi5z9mc_3._.js:719
[  174506ms] [LOG] [Fast Refresh] done in 103ms @ http://localhost:3000/_next/static/chunks/node_modules_next_dist_05y3oi5z9mc_3._.js:719
[  174582ms] [LOG] [Fast Refresh] done in 103ms @ http://localhost:3000/_next/static/chunks/node_modules_next_dist_05y3oi5z9mc_3._.js:719
[  174655ms] [LOG] [Fast Refresh] done in 103ms @ http://localhost:3000/_next/static/chunks/node_modules_next_dist_05y3oi5z9mc_3._.js:719
[  174724ms] [LOG] [Fast Refresh] done in 103ms @ http://localhost:3000/_next/static/chunks/node_modules_next_dist_05y3oi5z9mc_3._.js:719
[  174795ms] [LOG] [Fast Refresh] done in 103ms @ http://localhost:3000/_next/static/chunks/node_modules_next_dist_05y3oi5z9mc_3._.js:719
[  174866ms] [LOG] [Fast Refresh] done in 103ms @ http://localhost:3000/_next/static/chunks/node_modules_next_dist_05y3oi5z9mc_3._.js:719
[  174937ms] [LOG] [Fast Refresh] done in 103ms @ http://localhost:3000/_next/static/chunks/node_modules_next_dist_05y3oi5z9mc_3._.js:719
[  175010ms] [LOG] [Fast Refresh] done in 103ms @ http://localhost:3000/_next/static/chunks/node_modules_next_dist_05y3oi5z9mc_3._.js:719
[  175084ms] [LOG] [Fast Refresh] done in 103ms @ http://localhost:3000/_next/static/chunks/node_modules_next_dist_05y3oi5z9mc_3._.js:719
[  175157ms] [LOG] [Fast Refresh] done in 103ms @ http://localhost:3000/_next/static/chunks/node_modules_next_dist_05y3oi5z9mc_3._.js:719
[  175230ms] [LOG] [Fast Refresh] done in 103ms @ http://localhost:3000/_next/static/chunks/node_modules_next_dist_05y3oi5z9mc_3._.js:719
[  175297ms] [LOG] [Fast Refresh] done in 103ms @ http://localhost:3000/_next/static/chunks/node_modules_next_dist_05y3oi5z9mc_3._.js:719
[  175368ms] [LOG] [Fast Refresh] done in 103ms @ http://localhost:3000/_next/static/chunks/node_modules_next_dist_05y3oi5z9mc_3._.js:719
[  175448ms] [LOG] [Fast Refresh] done in 103ms @ http://localhost:3000/_next/static/chunks/node_modules_next_dist_05y3oi5z9mc_3._.js:719
[  175517ms] [LOG] [Fast Refresh] done in 103ms @ http://localhost:3000/_next/static/chunks/node_modules_next_dist_05y3oi5z9mc_3._.js:719
[  175589ms] [LOG] [Fast Refresh] done in 103ms @ http://localhost:3000/_next/static/chunks/node_modules_next_dist_05y3oi5z9mc_3._.js:719
[  175662ms] [LOG] [Fast Refresh] done in 103ms @ http://localhost:3000/_next/static/chunks/node_modules_next_dist_05y3oi5z9mc_3._.js:719
[  175733ms] [LOG] [Fast Refresh] done in 103ms @ http://localhost:3000/_next/static/chunks/node_modules_next_dist_05y3oi5z9mc_3._.js:719
[  175804ms] [LOG] [Fast Refresh] done in 103ms @ http://localhost:3000/_next/static/chunks/node_modules_next_dist_05y3oi5z9mc_3._.js:719
[  175874ms] [LOG] [Fast Refresh] done in 103ms @ http://localhost:3000/_next/static/chunks/node_modules_next_dist_05y3oi5z9mc_3._.js:719
[  175946ms] [LOG] [Fast Refresh] done in 103ms @ http://localhost:3000/_next/static/chunks/node_modules_next_dist_05y3oi5z9mc_3._.js:719
[  176021ms] [LOG] [Fast Refresh] done in 103ms @ http://localhost:3000/_next/static/chunks/node_modules_next_dist_05y3oi5z9mc_3._.js:719
[  176096ms] [LOG] [Fast Refresh] done in 103ms @ http://localhost:3000/_next/static/chunks/node_modules_next_dist_05y3oi5z9mc_3._.js:719
[  176170ms] [LOG] [Fast Refresh] done in 103ms @ http://localhost:3000/_next/static/chunks/node_modules_next_dist_05y3oi5z9mc_3._.js:719
[  176242ms] [LOG] [Fast Refresh] done in 103ms @ http://localhost:3000/_next/static/chunks/node_modules_next_dist_05y3oi5z9mc_3._.js:719
[  176314ms] [LOG] [Fast Refresh] done in 103ms @ http://localhost:3000/_next/static/chunks/node_modules_next_dist_05y3oi5z9mc_3._.js:719
[  176385ms] [LOG] [Fast Refresh] done in 103ms @ http://localhost:3000/_next/static/chunks/node_modules_next_dist_05y3oi5z9mc_3._.js:719
[  176461ms] [LOG] [Fast Refresh] done in 103ms @ http://localhost:3000/_next/static/chunks/node_modules_next_dist_05y3oi5z9mc_3._.js:719
[  176537ms] [LOG] [Fast Refresh] done in 103ms @ http://localhost:3000/_next/static/chunks/node_modules_next_dist_05y3oi5z9mc_3._.js:719
[  176611ms] [LOG] [Fast Refresh] done in 103ms @ http://localhost:3000/_next/static/chunks/node_modules_next_dist_05y3oi5z9mc_3._.js:719
[  176686ms] [LOG] [Fast Refresh] done in 103ms @ http://localhost:3000/_next/static/chunks/node_modules_next_dist_05y3oi5z9mc_3._.js:719
[  176761ms] [LOG] [Fast Refresh] done in 103ms @ http://localhost:3000/_next/static/chunks/node_modules_next_dist_05y3oi5z9mc_3._.js:719
[  176837ms] [LOG] [Fast Refresh] done in 103ms @ http://localhost:3000/_next/static/chunks/node_modules_next_dist_05y3oi5z9mc_3._.js:719
[  176910ms] [LOG] [Fast Refresh] done in 103ms @ http://localhost:3000/_next/static/chunks/node_modules_next_dist_05y3oi5z9mc_3._.js:719
[  176985ms] [LOG] [Fast Refresh] done in 103ms @ http://localhost:3000/_next/static/chunks/node_modules_next_dist_05y3oi5z9mc_3._.js:719
[  177054ms] [LOG] [Fast Refresh] done in 103ms @ http://localhost:3000/_next/static/chunks/node_modules_next_dist_05y3oi5z9mc_3._.js:719
[  177124ms] [LOG] [Fast Refresh] done in 103ms @ http://localhost:3000/_next/static/chunks/node_modules_next_dist_05y3oi5z9mc_3._.js:719
[  177192ms] [LOG] [Fast Refresh] done in 103ms @ http://localhost:3000/_next/static/chunks/node_modules_next_dist_05y3oi5z9mc_3._.js:719
[  177262ms] [LOG] [Fast Refresh] done in 103ms @ http://localhost:3000/_next/static/chunks/node_modules_next_dist_05y3oi5z9mc_3._.js:719
[  177337ms] [LOG] [Fast Refresh] done in 103ms @ http://localhost:3000/_next/static/chunks/node_modules_next_dist_05y3oi5z9mc_3._.js:719
[  177411ms] [LOG] [Fast Refresh] done in 103ms @ http://localhost:3000/_next/static/chunks/node_modules_next_dist_05y3oi5z9mc_3._.js:719
[  177493ms] [LOG] [Fast Refresh] done in 103ms @ http://localhost:3000/_next/static/chunks/node_modules_next_dist_05y3oi5z9mc_3._.js:719
[  177570ms] [LOG] [Fast Refresh] done in 103ms @ http://localhost:3000/_next/static/chunks/node_modules_next_dist_05y3oi5z9mc_3._.js:719
[  177662ms] [LOG] [Fast Refresh] done in 103ms @ http://localhost:3000/_next/static/chunks/node_modules_next_dist_05y3oi5z9mc_3._.js:719
[  177733ms] [LOG] [Fast Refresh] done in 103ms @ http://localhost:3000/_next/static/chunks/node_modules_next_dist_05y3oi5z9mc_3._.js:719
[  177803ms] [LOG] [Fast Refresh] done in 103ms @ http://localhost:3000/_next/static/chunks/node_modules_next_dist_05y3oi5z9mc_3._.js:719
[  177873ms] [LOG] [Fast Refresh] done in 103ms @ http://localhost:3000/_next/static/chunks/node_modules_next_dist_05y3oi5z9mc_3._.js:719
[  177945ms] [LOG] [Fast Refresh] done in 103ms @ http://localhost:3000/_next/static/chunks/node_modules_next_dist_05y3oi5z9mc_3._.js:719
[  178029ms] [LOG] [Fast Refresh] done in 103ms @ http://localhost:3000/_next/static/chunks/node_modules_next_dist_05y3oi5z9mc_3._.js:719
[  178143ms] [LOG] [Fast Refresh] done in 103ms @ http://localhost:3000/_next/static/chunks/node_modules_next_dist_05y3oi5z9mc_3._.js:719
[  178258ms] [LOG] [Fast Refresh] done in 103ms @ http://localhost:3000/_next/static/chunks/node_modules_next_dist_05y3oi5z9mc_3._.js:719
[  178411ms] [LOG] [Fast Refresh] done in 103ms @ http://localhost:3000/_next/static/chunks/node_modules_next_dist_05y3oi5z9mc_3._.js:719
[  178482ms] [LOG] [Fast Refresh] done in 103ms @ http://localhost:3000/_next/static/chunks/node_modules_next_dist_05y3oi5z9mc_3._.js:719
[  178549ms] [LOG] [Fast Refresh] done in 103ms @ http://localhost:3000/_next/static/chunks/node_modules_next_dist_05y3oi5z9mc_3._.js:719
[  178613ms] [LOG] [Fast Refresh] done in 103ms @ http://localhost:3000/_next/static/chunks/node_modules_next_dist_05y3oi5z9mc_3._.js:719
[  178683ms] [LOG] [Fast Refresh] done in 103ms @ http://localhost:3000/_next/static/chunks/node_modules_next_dist_05y3oi5z9mc_3._.js:719
[  178754ms] [LOG] [Fast Refresh] done in 103ms @ http://localhost:3000/_next/static/chunks/node_modules_next_dist_05y3oi5z9mc_3._.js:719
[  178828ms] [LOG] [Fast Refresh] done in 103ms @ http://localhost:3000/_next/static/chunks/node_modules_next_dist_05y3oi5z9mc_3._.js:719
[  178898ms] [LOG] [Fast Refresh] done in 103ms @ http://localhost:3000/_next/static/chunks/node_modules_next_dist_05y3oi5z9mc_3._.js:719
[  178968ms] [LOG] [Fast Refresh] done in 103ms @ http://localhost:3000/_next/static/chunks/node_modules_next_dist_05y3oi5z9mc_3._.js:719
[  179037ms] [LOG] [Fast Refresh] done in 103ms @ http://localhost:3000/_next/static/chunks/node_modules_next_dist_05y3oi5z9mc_3._.js:719
[  179105ms] [LOG] [Fast Refresh] done in 103ms @ http://localhost:3000/_next/static/chunks/node_modules_next_dist_05y3oi5z9mc_3._.js:719
[  179172ms] [LOG] [Fast Refresh] done in 103ms @ http://localhost:3000/_next/static/chunks/node_modules_next_dist_05y3oi5z9mc_3._.js:719
[  179241ms] [LOG] [Fast Refresh] done in 103ms @ http://localhost:3000/_next/static/chunks/node_modules_next_dist_05y3oi5z9mc_3._.js:719
[  179311ms] [LOG] [Fast Refresh] done in 103ms @ http://localhost:3000/_next/static/chunks/node_modules_next_dist_05y3oi5z9mc_3._.js:719
[  179381ms] [LOG] [Fast Refresh] done in 103ms @ http://localhost:3000/_next/static/chunks/node_modules_next_dist_05y3oi5z9mc_3._.js:719
[  179448ms] [LOG] [Fast Refresh] done in 103ms @ http://localhost:3000/_next/static/chunks/node_modules_next_dist_05y3oi5z9mc_3._.js:719
[  179518ms] [LOG] [Fast Refresh] done in 103ms @ http://localhost:3000/_next/static/chunks/node_modules_next_dist_05y3oi5z9mc_3._.js:719
[  179588ms] [LOG] [Fast Refresh] done in 103ms @ http://localhost:3000/_next/static/chunks/node_modules_next_dist_05y3oi5z9mc_3._.js:719
[  179657ms] [LOG] [Fast Refresh] done in 103ms @ http://localhost:3000/_next/static/chunks/node_modules_next_dist_05y3oi5z9mc_3._.js:719
[  179731ms] [LOG] [Fast Refresh] done in 103ms @ http://localhost:3000/_next/static/chunks/node_modules_next_dist_05y3oi5z9mc_3._.js:719
[  179802ms] [LOG] [Fast Refresh] done in 103ms @ http://localhost:3000/_next/static/chunks/node_modules_next_dist_05y3oi5z9mc_3._.js:719
[  179872ms] [LOG] [Fast Refresh] done in 103ms @ http://localhost:3000/_next/static/chunks/node_modules_next_dist_05y3oi5z9mc_3._.js:719
[  179942ms] [LOG] [Fast Refresh] done in 103ms @ http://localhost:3000/_next/static/chunks/node_modules_next_dist_05y3oi5z9mc_3._.js:719
[  180011ms] [LOG] [Fast Refresh] done in 103ms @ http://localhost:3000/_next/static/chunks/node_modules_next_dist_05y3oi5z9mc_3._.js:719
[  180082ms] [LOG] [Fast Refresh] done in 103ms @ http://localhost:3000/_next/static/chunks/node_modules_next_dist_05y3oi5z9mc_3._.js:719
[  180155ms] [LOG] [Fast Refresh] done in 103ms @ http://localhost:3000/_next/static/chunks/node_modules_next_dist_05y3oi5z9mc_3._.js:719
[  180290ms] [LOG] [Fast Refresh] done in 103ms @ http://localhost:3000/_next/static/chunks/node_modules_next_dist_05y3oi5z9mc_3._.js:719
[  180360ms] [LOG] [Fast Refresh] done in 103ms @ http://localhost:3000/_next/static/chunks/node_modules_next_dist_05y3oi5z9mc_3._.js:719
[  180430ms] [LOG] [Fast Refresh] done in 103ms @ http://localhost:3000/_next/static/chunks/node_modules_next_dist_05y3oi5z9mc_3._.js:719
[  180498ms] [LOG] [Fast Refresh] done in 103ms @ http://localhost:3000/_next/static/chunks/node_modules_next_dist_05y3oi5z9mc_3._.js:719
[  180571ms] [LOG] [Fast Refresh] done in 103ms @ http://localhost:3000/_next/static/chunks/node_modules_next_dist_05y3oi5z9mc_3._.js:719
[  180640ms] [LOG] [Fast Refresh] done in 103ms @ http://localhost:3000/_next/static/chunks/node_modules_next_dist_05y3oi5z9mc_3._.js:719
[  180712ms] [LOG] [Fast Refresh] done in 103ms @ http://localhost:3000/_next/static/chunks/node_modules_next_dist_05y3oi5z9mc_3._.js:719
[  180785ms] [LOG] [Fast Refresh] done in 103ms @ http://localhost:3000/_next/static/chunks/node_modules_next_dist_05y3oi5z9mc_3._.js:719
[  180855ms] [LOG] [Fast Refresh] done in 103ms @ http://localhost:3000/_next/static/chunks/node_modules_next_dist_05y3oi5z9mc_3._.js:719
[  180926ms] [LOG] [Fast Refresh] done in 103ms @ http://localhost:3000/_next/static/chunks/node_modules_next_dist_05y3oi5z9mc_3._.js:719
[  180996ms] [LOG] [Fast Refresh] done in 103ms @ http://localhost:3000/_next/static/chunks/node_modules_next_dist_05y3oi5z9mc_3._.js:719
[  181062ms] [LOG] [Fast Refresh] done in 103ms @ http://localhost:3000/_next/static/chunks/node_modules_next_dist_05y3oi5z9mc_3._.js:719
[  181132ms] [LOG] [Fast Refresh] done in 103ms @ http://localhost:3000/_next/static/chunks/node_modules_next_dist_05y3oi5z9mc_3._.js:719
[  181203ms] [LOG] [Fast Refresh] done in 103ms @ http://localhost:3000/_next/static/chunks/node_modules_next_dist_05y3oi5z9mc_3._.js:719
[  181272ms] [LOG] [Fast Refresh] done in 103ms @ http://localhost:3000/_next/static/chunks/node_modules_next_dist_05y3oi5z9mc_3._.js:719
[  181343ms] [LOG] [Fast Refresh] done in 103ms @ http://localhost:3000/_next/static/chunks/node_modules_next_dist_05y3oi5z9mc_3._.js:719
[  181412ms] [LOG] [Fast Refresh] done in 103ms @ http://localhost:3000/_next/static/chunks/node_modules_next_dist_05y3oi5z9mc_3._.js:719
[  181481ms] [LOG] [Fast Refresh] done in 103ms @ http://localhost:3000/_next/static/chunks/node_modules_next_dist_05y3oi5z9mc_3._.js:719
[  181546ms] [LOG] [Fast Refresh] done in 103ms @ http://localhost:3000/_next/static/chunks/node_modules_next_dist_05y3oi5z9mc_3._.js:719
[  181615ms] [LOG] [Fast Refresh] done in 103ms @ http://localhost:3000/_next/static/chunks/node_modules_next_dist_05y3oi5z9mc_3._.js:719
[  181685ms] [LOG] [Fast Refresh] done in 103ms @ http://localhost:3000/_next/static/chunks/node_modules_next_dist_05y3oi5z9mc_3._.js:719
[  181755ms] [LOG] [Fast Refresh] done in 103ms @ http://localhost:3000/_next/static/chunks/node_modules_next_dist_05y3oi5z9mc_3._.js:719
[  181822ms] [LOG] [Fast Refresh] done in 103ms @ http://localhost:3000/_next/static/chunks/node_modules_next_dist_05y3oi5z9mc_3._.js:719
[  181892ms] [LOG] [Fast Refresh] done in 103ms @ http://localhost:3000/_next/static/chunks/node_modules_next_dist_05y3oi5z9mc_3._.js:719
[  181960ms] [LOG] [Fast Refresh] done in 103ms @ http://localhost:3000/_next/static/chunks/node_modules_next_dist_05y3oi5z9mc_3._.js:719
[  182032ms] [LOG] [Fast Refresh] done in 103ms @ http://localhost:3000/_next/static/chunks/node_modules_next_dist_05y3oi5z9mc_3._.js:719
[  182101ms] [LOG] [Fast Refresh] done in 103ms @ http://localhost:3000/_next/static/chunks/node_modules_next_dist_05y3oi5z9mc_3._.js:719
[  182169ms] [LOG] [Fast Refresh] done in 103ms @ http://localhost:3000/_next/static/chunks/node_modules_next_dist_05y3oi5z9mc_3._.js:719
[  182236ms] [LOG] [Fast Refresh] done in 103ms @ http://localhost:3000/_next/static/chunks/node_modules_next_dist_05y3oi5z9mc_3._.js:719
[  182307ms] [LOG] [Fast Refresh] done in 103ms @ http://localhost:3000/_next/static/chunks/node_modules_next_dist_05y3oi5z9mc_3._.js:719
[  182373ms] [LOG] [Fast Refresh] done in 103ms @ http://localhost:3000/_next/static/chunks/node_modules_next_dist_05y3oi5z9mc_3._.js:719
[  182442ms] [LOG] [Fast Refresh] done in 103ms @ http://localhost:3000/_next/static/chunks/node_modules_next_dist_05y3oi5z9mc_3._.js:719
[  182511ms] [LOG] [Fast Refresh] done in 103ms @ http://localhost:3000/_next/static/chunks/node_modules_next_dist_05y3oi5z9mc_3._.js:719
[  182580ms] [LOG] [Fast Refresh] done in 103ms @ http://localhost:3000/_next/static/chunks/node_modules_next_dist_05y3oi5z9mc_3._.js:719
[  182649ms] [LOG] [Fast Refresh] done in 103ms @ http://localhost:3000/_next/static/chunks/node_modules_next_dist_05y3oi5z9mc_3._.js:719
[  182718ms] [LOG] [Fast Refresh] done in 103ms @ http://localhost:3000/_next/static/chunks/node_modules_next_dist_05y3oi5z9mc_3._.js:719
[  182792ms] [LOG] [Fast Refresh] done in 103ms @ http://localhost:3000/_next/static/chunks/node_modules_next_dist_05y3oi5z9mc_3._.js:719
[  182860ms] [LOG] [Fast Refresh] done in 103ms @ http://localhost:3000/_next/static/chunks/node_modules_next_dist_05y3oi5z9mc_3._.js:719
[  182929ms] [LOG] [Fast Refresh] done in 103ms @ http://localhost:3000/_next/static/chunks/node_modules_next_dist_05y3oi5z9mc_3._.js:719
[  182998ms] [LOG] [Fast Refresh] done in 103ms @ http://localhost:3000/_next/static/chunks/node_modules_next_dist_05y3oi5z9mc_3._.js:719
[  183067ms] [LOG] [Fast Refresh] done in 103ms @ http://localhost:3000/_next/static/chunks/node_modules_next_dist_05y3oi5z9mc_3._.js:719
[  379238ms] [LOG] [Fast Refresh] rebuilding @ http://localhost:3000/_next/static/chunks/node_modules_next_dist_05y3oi5z9mc_3._.js:719
[  379391ms] [LOG] [Fast Refresh] done in 190ms @ http://localhost:3000/_next/static/chunks/node_modules_next_dist_05y3oi5z9mc_3._.js:719
[  379470ms] [LOG] [Fast Refresh] done in 190ms @ http://localhost:3000/_next/static/chunks/node_modules_next_dist_05y3oi5z9mc_3._.js:719
[  400491ms] [LOG] [Fast Refresh] rebuilding @ http://localhost:3000/_next/static/chunks/node_modules_next_dist_05y3oi5z9mc_3._.js:719
[  400891ms] [LOG] [Fast Refresh] done in 503ms @ http://localhost:3000/_next/static/chunks/node_modules_next_dist_05y3oi5z9mc_3._.js:719
